STDOUT
--------------------------------------------------
LOG-OUTPUT
-date-:-thread-:INF:-file-:-line- openDIAS version 'opendias [VERSION]' has been invoked.
-date-:-thread-:INF:-file-:-line- Running in daemon mode.
-date-:-thread-:INF:-file-:-line- Child process created [CONFIG_FILE]
-date-:-thread-:DBG:-file-:-line- setup launched
-date-:-thread-:INF:-file-:-line- Setting default log (/tmp/opendias_test/var/log/opendias) verbosity to 4.
-date-:-thread-:INF:-file-:-line- Using config file: [CONFIG_FILE]
-date-:-thread-:INF:-file-:-line- Which says the database is at: /tmp/opendiastest
-date-:-thread-:DBG:-file-:-line- database file is /tmp/opendiastest/openDIAS.sqlite3
-date-:-thread-:DBG:-file-:-line- Dir structure is in-place, database should exist
-date-:-thread-:DBG:-file-:-line- Checking for a populated database
-date-:-thread-:DBG:-file-:-line- Run Query [RECORDSET]
-date-:-thread-:DBG:-file-:-line- We have one. So will check to see what version it is.
-date-:-thread-:DBG:-file-:-line- Free recordset [RECORDSET]
-date-:-thread-:DBG:-file-:-line- Run Query [RECORDSET]
-date-:-thread-:DBG:-file-:-line- Database reports that it is version: 7
-date-:-thread-:DBG:-file-:-line- Free recordset [RECORDSET]
-date-:-thread-:INF:-file-:-line- Connected to database
-date-:-thread-:INF:-file-:-line- database opened
-date-:-thread-:DBG:-file-:-line- Run Query [RECORDSET]
-date-:-thread-:INF:-file-:-line- Config setting: log_verbosity = 3
-date-:-thread-:INF:-file-:-line- Moving log verbosity from 4 to 3
-date-:-thread-:INF Config setting: port = 8988
-date-:-thread-:INF Config setting: backpopulate_phash = no
-date-:-thread-:INF Created directory.
-date-:-thread-:INF ... Starting up the openDias service.
-date-:-thread-:INF ready to accept connectons
-date-:-thread-:INF Processing request for: checkLogin
-date-:-thread-:INF Processing request for: uploadfile
-date-:-thread-:ERR Uploaded file looks to be of type: image/jpeg
-date-:-thread-:INF Convertion process: Loaded (depth: 32)
-date-:-thread-:INF Convertion process: Reduced depth to 8
-date-:-thread-:INF Processed JPG doc
-date-:-thread-:INF Calculating pHash of image /tmp/pHash_[THREAD].jpg
-date-:-thread-:INF Processing request for: uploadfile
-date-:-thread-:ERR Uploaded file looks to be of type: application/vnd.oasis.opendocument.text
-date-:-thread-:INF Processed ODF doc
-date-:-thread-:INF Calculating pHash of image /tmp/pHash_[THREAD].jpg
-date-:-thread-:INF Processing request for: uploadfile
-date-:-thread-:ERR Uploaded file looks to be of type: application/pdf
-date-:-thread-:ERR PDF page successfuly parsed
-date-:-thread-:ERR Image generated from the PDF
-date-:-thread-:ERR Text Extracted from the PDF
-date-:-thread-:INF Processed PDF
-date-:-thread-:INF Calculating pHash of image /tmp/pHash_[THREAD].jpg
-date-:-thread-:INF Processing request for: uploadfile
-date-:-thread-:ERR Uploaded file looks to be of type: text/x-perl
-date-:-thread-:ERR unknown file type.
-date-:-thread-:INF Processing request for: regenerateThumb
-date-:-thread-:ERR PDF page successfuly parsed
-date-:-thread-:ERR Image generated from the PDF
-date-:-thread-:ERR Text Extracted from the PDF
-date-:-thread-:INF Received SIGUSR1 signal.
-date-:-thread-:INF openDias service is shutting down....
-date-:-thread-:INF openDias service has shutdown.
