STDOUT
--------------------------------------------------
LOG-OUTPUT
-date-:-thread-:INF:-file-:-line- openDIAS version 'opendias [VERSION]' has been invoked.
-date-:-thread-:INF:-file-:-line- Running in daemon mode.
-date-:-thread-:INF:-file-:-line- Child process created [CONFIG_FILE]
-date-:-thread-:DBG:-file-:-line- setup launched
-date-:-thread-:INF:-file-:-line- Setting default log (/tmp/opendias_test/var/log/opendias) verbosity to 4.
-date-:-thread-:INF:-file-:-line- Using config file: [CONFIG_FILE]
-date-:-thread-:INF:-file-:-line- Which says the database is at: /tmp/opendiastest
-date-:-thread-:DBG:-file-:-line- database file is /tmp/opendiastest/openDIAS.sqlite3
-date-:-thread-:INF:-file-:-line- Creating new database /tmp/opendiastest/openDIAS.sqlite3 (BASE_DIR = /tmp/opendiastest)
-date-:-thread-:DBG:-file-:-line- Checking for a populated database
-date-:-thread-:DBG:-file-:-line- Run Query [RECORDSET]
-date-:-thread-:DBG:-file-:-line- No database tables found.
-date-:-thread-:INF:-file-:-line- Connected to database
-date-:-thread-:INF:-file-:-line- Bringing BD upto version: 1
-date-:-thread-:DBG:-file-:-line- Reading SQL code from file: /tmp/opendias_test/share/opendias/openDIAS.sqlite3.dmp.v1.sql
-date-:-thread-:DBG:-file-:-line- -- 
-- Do not edit this file.
-- If you need to update the schema or default data, create a new file 
-- and update the DB version (in the 'version' table and DB_VERSION in src/main.c)
--
BEGIN TRANSACTION;

CREATE TABLE version (
	version INTEGER PRIMARY KEY,
	for_app_version NUMERIC,
	version_name TEXT);

CREATE UNIQUE INDEX version_idx 
ON version(version ASC);

DELETE FROM version;

INSERT INTO version VALUES(1,0.1,'Draft');

CREATE TABLE docs (
	docid INTEGER PRIMARY KEY, 
	doneocr NUMERIC, 
	ocrtext TEXT, 
	depth NUMERIC, 
	lines NUMERIC, 
	ppl NUMERIC, 
	resolution NUMERIC, 
	docdatey NUMERIC, 
	docdatem NUMERIC, 
	docdated NUMERIC, 
	entrydate TEXT, 
	filetype NUMERIC, 
	title TEXT);

CREATE TABLE tags (
	tagid INTEGER PRIMARY KEY, 
	tagname TEXT);

CREATE UNIQUE INDEX tagname_idx 
ON tags(tagname ASC);

INSERT INTO tags VALUES(1,'Bank');
INSERT INTO tags VALUES(2,'Utility');
INSERT INTO tags VALUES(3,'Tax');
INSERT INTO tags VALUES(4,'Household');
INSERT INTO tags VALUES(5,'Account');
INSERT INTO tags VALUES(6,'Credit Card');
INSERT INTO tags VALUES(7,'Gas');
INSERT INTO tags VALUES(8,'Electricity');
INSERT INTO tags VALUES(9,'Water');
INSERT INTO tags VALUES(10,'Government');
INSERT INTO tags VALUES(11,'Local');
INSERT INTO tags VALUES(12,'Personal');
INSERT INTO tags VALUES(13,'Morgadge');
INSERT INTO tags VALUES(14,'Insurance');
INSERT INTO tags VALUES(15,'Car');
INSERT INTO tags VALUES(16,'Land-Line');
INSERT INTO tags VALUES(17,'Mobile');
INSERT INTO tags VALUES(18,'Internet');
INSERT INTO tags VALUES(19,'TV');
INSERT INTO tags VALUES(20,'Letter');
INSERT INTO tags VALUES(21,'Statement');
INSERT INTO tags VALUES(22,'Bill');
INSERT INTO tags VALUES(23,'Recieved');
INSERT INTO tags VALUES(24,'Sent');

CREATE TABLE doc_tags (
	doctagid INTEGER PRIMARY KEY,
	docid NUMERIC,
	tagid NUMERIC);

CREATE INDEX doc_tags_tagid_idx
ON doc_tags(tagid ASC);

COMMIT;

-date-:-thread-:INF:-file-:-line- Bringing BD upto version: 2
-date-:-thread-:DBG:-file-:-line- Reading SQL code from file: /tmp/opendias_test/share/opendias/openDIAS.sqlite3.dmp.v2.sql
-date-:-thread-:DBG:-file-:-line- -- 
-- Do not edit this file.
-- If you need to update the schema or default data, create a new file 
-- and update the DB version (in the 'version' table and DB_VERSION in src/main.c)
--
BEGIN TRANSACTION;

ALTER TABLE docs
ADD COLUMN pages NUMERIC;

CREATE TEMPORARY TABLE t1_backup(a,b);
INSERT INTO t1_backup SELECT version, for_app_version FROM version;
DROP TABLE version;
CREATE TABLE version (
	version INTEGER PRIMARY KEY,
	for_app_version TEXT); 
INSERT INTO version SELECT a,b FROM t1_backup;
DROP TABLE t1_backup;

UPDATE version
SET version = 2,
for_app_version = "0.2.2";

COMMIT;

-date-:-thread-:INF:-file-:-line- Bringing BD upto version: 3
-date-:-thread-:DBG:-file-:-line- Reading SQL code from file: /tmp/opendias_test/share/opendias/openDIAS.sqlite3.dmp.v3.sql
-date-:-thread-:DBG:-file-:-line- -- 
-- Do not edit this file.
-- If you need to update the schema or default data, create a new file 
-- and update the DB version (in the 'version' table and DB_VERSION in src/main.c)
--
BEGIN TRANSACTION;

CREATE TABLE "scan_params" (
    "client_id" TEXT NOT NULL DEFAULT (0),
    "param_option" INTEGER NOT NULL DEFAULT (0),
    "param_value" TEXT
);

CREATE UNIQUE INDEX "primary" on scan_params (client_id ASC, param_option ASC);

CREATE TABLE scan_progress (
    "status" INTEGER NOT NULL DEFAULT (0),
    "value" INTEGER,
    "client_id" CHAR(36) NOT NULL DEFAULT (' ')
);

CREATE UNIQUE INDEX "client_id" on "scan_progress" (client_id ASC);

CREATE TABLE "config" (
    "config_option" TEXT NOT NULL,
    "config_value" TEXT NOT NULL
);

CREATE UNIQUE INDEX "option" on config (config_option ASC);

UPDATE version
SET version = 3,
for_app_version = "0.5";

COMMIT;

-date-:-thread-:INF:-file-:-line- Bringing BD upto version: 4
-date-:-thread-:DBG:-file-:-line- Reading SQL code from file: /tmp/opendias_test/share/opendias/openDIAS.sqlite3.dmp.v4.sql
-date-:-thread-:DBG:-file-:-line- -- 
-- Do not edit this file.
-- If you need to update the schema or default data, create a new file 
-- and update the DB version (in the 'version' table and DB_VERSION in src/main.c)
--
BEGIN TRANSACTION;

INSERT INTO tags VALUES(25,'Wages');
UPDATE tags SET tagname='Morgage' WHERE tagid=13;

INSERT INTO config VALUES ("log_verbosity",3);
INSERT INTO config VALUES ("scan_directory","__libdir__/opendias");
INSERT INTO config VALUES ("show_all_available",1);
INSERT INTO config VALUES ("port",8988);
INSERT INTO config VALUES ("log_directory","__localstatedir__/log/opendias");

CREATE TABLE access_role (
  role INTEGER PRIMARY KEY, 
  rolename char(25) NOT NULL,
  update_access INTEGER NOT NULL,
  view_doc INTEGER NOT NULL,
  edit_doc INTEGER NOT NULL,
  delete_doc INTEGER NOT NULL,
  add_import INTEGER NOT NULL,
  add_scan INTEGER NOT NULL
);

INSERT INTO access_role VALUES (1,"admin",1,1,1,1,1,1);
INSERT INTO access_role VALUES (2,"user",0,1,1,1,1,1);
INSERT INTO access_role VALUES (3,"view",0,1,0,0,0,0);
INSERT INTO access_role VALUES (4,"add",0,0,0,0,1,1);

CREATE TABLE user_access (
  username CHAR(36) NOT NULL,
  password CHAR(36) NOT NULL, 
  role INTEGER NOT NULL
);

CREATE UNIQUE INDEX "usr_acc" on user_access (username ASC);

CREATE TABLE location_access (
  location CHAR(15) NOT NULL, 
  role INTEGER NOT NULL
);

INSERT INTO location_access VALUES ('127.0.0.1', 1);

CREATE UNIQUE INDEX "loc_acc" on location_access (location ASC);

UPDATE version
SET version = 4,
for_app_version = "0.5.8";

COMMIT;

-date-:-thread-:INF:-file-:-line- Bringing BD upto version: 5
-date-:-thread-:DBG:-file-:-line- Reading SQL code from file: /tmp/opendias_test/share/opendias/openDIAS.sqlite3.dmp.v5.sql
-date-:-thread-:DBG:-file-:-line- -- 
-- Do not edit this file.
-- If you need to update the schema or default data, create a new file 
-- and update the DB version (in the 'version' table and DB_VERSION in src/main.c)
--
BEGIN TRANSACTION;

ALTER TABLE scan_progress 
ADD COLUMN lockexpires;

ALTER TABLE docs
ADD COLUMN actionrequired NUMERIC;

UPDATE version
SET version = 5,
for_app_version = "0.6.4";

COMMIT;

-date-:-thread-:INF:-file-:-line- Bringing BD upto version: 6
-date-:-thread-:DBG:-file-:-line- Reading SQL code from file: /tmp/opendias_test/share/opendias/openDIAS.sqlite3.dmp.v6.sql
-date-:-thread-:DBG:-file-:-line- -- 
-- Do not edit this file.
-- If you need to update the schema or default data, create a new file 
-- and update the DB version (in the 'version' table and DB_VERSION in src/main.c)
--
BEGIN TRANSACTION;

CREATE TEMPORARY TABLE t1_backup(a);
INSERT INTO t1_backup SELECT version FROM version;
DROP TABLE version;
CREATE TABLE version (version INTEGER PRIMARY KEY);
INSERT INTO version SELECT a FROM t1_backup;
DROP TABLE t1_backup;

UPDATE version SET version = 6;

CREATE TABLE doc_links (
        doclinkid INTEGER PRIMARY KEY,
        docid NUMERIC,
        linkeddocid NUMERIC);

CREATE INDEX doc_links_linkid_idx
ON doc_links(docid ASC);

ALTER TABLE docs
ADD COLUMN hardcopyKept NUMERIC DEFAULT 1;

CREATE TEMPORARY TABLE t1_backup("status" INTEGER, "value" INTEGER, "client_id" CHAR(36));
INSERT INTO t1_backup SELECT status, value, client_id FROM scan_progress;
DROP TABLE scan_progress;
CREATE TABLE scan_progress (
    "status" INTEGER NOT NULL DEFAULT (0),
    "value" INTEGER,
    "client_id" CHAR(36) NOT NULL DEFAULT (' ')
);
INSERT INTO scan_progress SELECT status, value, client_id FROM t1_backup;
CREATE UNIQUE INDEX "client_id" on "scan_progress" (client_id ASC);
DROP TABLE t1_backup;

COMMIT;

-date-:-thread-:INF:-file-:-line- Bringing BD upto version: 7
-date-:-thread-:DBG:-file-:-line- Reading SQL code from file: /tmp/opendias_test/share/opendias/openDIAS.sqlite3.dmp.v7.sql
-date-:-thread-:DBG:-file-:-line- -- 
-- Do not edit this file.
-- If you need to update the schema or default data, create a new file 
-- and update the DB version (in the 'version' table and DB_VERSION in src/main.c)
--
BEGIN TRANSACTION;

UPDATE version SET version = 7;

DELETE FROM config WHERE config_option = "scan_directory";
DELETE FROM config WHERE config_option = "show_all_available";
DELETE FROM config WHERE config_option = "log_directory";

DROP TABLE user_access;

CREATE TABLE user_access (
  username CHAR(36) NOT NULL,
  password CHAR(36) NOT NULL,
  realname CHAR(255) NOT NULL,
  last_access CHAR(255) NOT NULL,
  created CHAR(255) NOT NULL,
  role INTEGER NOT NULL
);

CREATE INDEX user_access_username_idx
ON user_access(username ASC);

-- password = md5( <created> <password> <username> )
-- Here the password is 'admin'
INSERT INTO user_access 
VALUES ('admin','6e6a83f742b28434aea09d7e8534647a','Admin User',datetime('now'),'automatically',1); 

ALTER TABLE docs
ADD COLUMN image_phash TEXT DEFAULT '0';

INSERT INTO config (config_option, config_value) VALUES ("backpopulate_phash", "yes");

COMMIT;

-date-:-thread-:INF:-file-:-line- database opened
-date-:-thread-:DBG:-file-:-line- Run Query [RECORDSET]
-date-:-thread-:INF:-file-:-line- Config setting: log_verbosity = 3
-date-:-thread-:INF:-file-:-line- Moving log verbosity from 4 to 3
-date-:-thread-:INF Config setting: port = 8988
-date-:-thread-:INF Config setting: backpopulate_phash = yes
-date-:-thread-:INF Created directory.
-date-:-thread-:INF ... Starting up the openDias service.
-date-:-thread-:INF ready to accept connectons
-date-:-thread-:INF Marking that the backpopulation of pHash as: complete
-date-:-thread-:INF Received SIGUSR1 signal.
-date-:-thread-:INF openDias service is shutting down....
-date-:-thread-:INF openDias service has shutdown.
