==XXXXX==  Memcheck, a memory error detector
==XXXXX==  Copyright [details]
==XXXXX==  Using Valgrind [version and build info]
==XXXXX==  Command: /tmp/opendias_test/bin/opendias -c /tmp/opendias_test/etc/opendias/testappUnableToCreate.conf
==XXXXX==  Parent PID: XXXXX.
==XXXXX==  
==XXXXX==  
==XXXXX==  FILE DESCRIPTORS: 0 open at exit.
==XXXXX==  
==XXXXX==  HEAP SUMMARY:
==XXXXX==      in use at exit: XXX bytes in XXX blocks
==XXXXX==    total heap usage: XXXX allocs, XXXX frees, XXX bytes allocated
==XXXXX==  
==XXXXX==  
==XXXXX==  FILE DESCRIPTORS: 0 open at exit.
==XXXXX==  
==XXXXX==  HEAP SUMMARY:
==XXXXX==      in use at exit: XXX bytes in XXX blocks
==XXXXX==    total heap usage: XXXX allocs, XXXX frees, XXX bytes allocated
==XXXXX==  
==XXXXX==  LEAK SUMMARY:
==XXXXX==     definitely lost: XXX bytes in XXX blocks
==XXXXX==     indirectly lost: XXX bytes in XXX blocks
==XXXXX==       possibly lost: XXX bytes in XXX blocks
==XXXXX==     still reachable: XXX bytes in XXX blocks
==XXXXX==          suppressed: XXX bytes in XXX blocks
==XXXXX==  
==XXXXX==  For counts of detected and suppressed errors, rerun with: -v
==XXXXX==  ERROR SUMMARY: 0 errors from 0 contexts (suppressed: XXX from XXX)
==XXXXX==  LEAK SUMMARY:
==XXXXX==     definitely lost: XXX bytes in XXX blocks
==XXXXX==     indirectly lost: XXX bytes in XXX blocks
==XXXXX==       possibly lost: XXX bytes in XXX blocks
==XXXXX==     still reachable: XXX bytes in XXX blocks
==XXXXX==          suppressed: XXX bytes in XXX blocks
==XXXXX==  
==XXXXX==  For counts of detected and suppressed errors, rerun with: -v
==XXXXX==  ERROR SUMMARY: 0 errors from 0 contexts (suppressed: XXX from XXX)
