==XXXXX==  Memcheck, a memory error detector
==XXXXX==  Copyright [details]
==XXXXX==  Using Valgrind [version and build info]
==XXXXX==  Command: /tmp/opendias_test/bin/opendias
==XXXXX==  Parent PID: XXXXX.
==XXXXX==  
==XXXXX==  
==XXXXX==  FILE DESCRIPTORS: 0 open at exit.
==XXXXX==  
==XXXXX==  HEAP SUMMARY:
==XXXXX==      in use at exit: XXX bytes in XXX blocks
==XXXXX==    total heap usage: XXXX allocs, XXXX frees, XXX bytes allocated
==XXXXX==  
==XXXXX==  LEAK SUMMARY:
==XXXXX==     definitely lost: XXX bytes in XXX blocks
==XXXXX==     indirectly lost: XXX bytes in XXX blocks
==XXXXX==       possibly lost: XXX bytes in XXX blocks
==XXXXX==     still reachable: XXX bytes in XXX blocks
==XXXXX==          suppressed: XXX bytes in XXX blocks
==XXXXX==  
==XXXXX==  For counts of detected and suppressed errors, rerun with: -v
==XXXXX==  ERROR SUMMARY: 0 errors from 0 contexts (suppressed: XXX from XXX)
==XXXXX==  
==XXXXX==  FILE DESCRIPTORS: 0 open at exit.
==XXXXX==  
==XXXXX==  HEAP SUMMARY:
==XXXXX==      in use at exit: XXX bytes in XXX blocks
==XXXXX==    total heap usage: XXXX allocs, XXXX frees, XXX bytes allocated
==XXXXX==  
==XXXXX==  LEAK SUMMARY:
==XXXXX==     definitely lost: XXX bytes in XXX blocks
==XXXXX==     indirectly lost: XXX bytes in XXX blocks
==XXXXX==       possibly lost: XXX bytes in XXX blocks
==XXXXX==     still reachable: XXX bytes in XXX blocks
==XXXXX==          suppressed: XXX bytes in XXX blocks
==XXXXX==  
==XXXXX==  For counts of detected and suppressed errors, rerun with: -v
==XXXXX==  ERROR SUMMARY: 0 errors from 0 contexts (suppressed: XXX from XXX)
==XXXXX==  Memcheck, a memory error detector
==XXXXX==  Copyright [details]
==XXXXX==  Using Valgrind [version and build info]
==XXXXX==  Command: /tmp/opendias_test/bin/opendias_worker /tmp/opendiastest /tmp/opendias_test/var/log/opendias 3 internalGetScannerList en
==XXXXX==  Parent PID: XXXXX.
==XXXXX==  
==XXXXX==  
==XXXXX==  FILE DESCRIPTORS: 2 open at exit.
==XXXXX==  Open file descriptor 1:
==XXXXX==     <inherited from parent>
==XXXXX==  
==XXXXX==  Open file descriptor 0: [FILE PATH]
==XXXXX==     <inherited from parent>
==XXXXX==  
==XXXXX==  
==XXXXX==  HEAP SUMMARY:
==XXXXX==      in use at exit: XXX bytes in XXX blocks
==XXXXX==    total heap usage: XXXX allocs, XXXX frees, XXX bytes allocated
==XXXXX==  
==XXXXX==  All heap blocks were freed -- no leaks are possible
==XXXXX==  
==XXXXX==  For counts of detected and suppressed errors, rerun with: -v
==XXXXX==  ERROR SUMMARY: 0 errors from 0 contexts (suppressed: XXX from XXX)
