STDOUT
entering setup
Using config file: [CONFIG_FILE]
Which says the database is at: /tmp/opendiastest
Current config is: 
    log_verbosity = 3
    port = 8988
    backpopulate_phash = no
Attempting to set config option 'log_verbosity' to '4'
    Successful.
--------------------------------------------------
LOG-OUTPUT
-date-:-thread-:INF:-file-:-line- |Using config file: [CONFIG_FILE]
-date-:-thread-:INF:-file-:-line- |Which says the database is at: /tmp/opendiastest
-date-:-thread-:DBG:-file-:-line- database file is /tmp/opendiastest/openDIAS.sqlite3
-date-:-thread-:DBG:-file-:-line- Dir structure is in-place, database should exist
-date-:-thread-:DBG:-file-:-line- Checking for a populated database
-date-:-thread-:DBG:-file-:-line- Run Query [RECORDSET]
-date-:-thread-:DBG:-file-:-line- We have one. So will check to see what version it is.
-date-:-thread-:DBG:-file-:-line- Free recordset [RECORDSET]
-date-:-thread-:DBG:-file-:-line- Run Query [RECORDSET]
-date-:-thread-:DBG:-file-:-line- Database reports that it is version: 8
-date-:-thread-:DBG:-file-:-line- Free recordset [RECORDSET]
-date-:-thread-:INF:-file-:-line- Connected to database
-date-:-thread-:INF:-file-:-line- |Current config is: 
-date-:-thread-:DBG:-file-:-line- Run Query [RECORDSET]
-date-:-thread-:INF:-file-:-line- |    log_verbosity = 3
-date-:-thread-:INF |    port = 8988
-date-:-thread-:INF |    backpopulate_phash = no
-date-:-thread-:INF |Attempting to set config option 'log_verbosity' to '4'
-date-:-thread-:INF |    Successful.
