Copying pre defined environment
Copying default database
Updated start command to run the config updater.
STARTING app...
Now ready
No need for a web client for this test.
Stopping service
Waiting for valgrind to finish.
