STDOUT
--------------------------------------------------
LOG-OUTPUT
-date-:-thread-:INF:-file-:-line- openDIAS version 'opendias [VERSION]' has been invoked.
-date-:-thread-:INF:-file-:-line- Running in daemon mode.
-date-:-thread-:INF:-file-:-line- Child process created [CONFIG_FILE]
-date-:-thread-:DBG:-file-:-line- setup launched
-date-:-thread-:INF:-file-:-line- Setting default log (/tmp/opendias_test/var/log/opendias) verbosity to 4.
-date-:-thread-:INF:-file-:-line- Using config file: [CONFIG_FILE]
-date-:-thread-:INF:-file-:-line- Which says the database is at: /tmp/opendiastest
-date-:-thread-:DBG:-file-:-line- database file is /tmp/opendiastest/openDIAS.sqlite3
-date-:-thread-:DBG:-file-:-line- Dir structure is in-place, database should exist
-date-:-thread-:DBG:-file-:-line- Checking for a populated database
-date-:-thread-:DBG:-file-:-line- Run Query [RECORDSET]
-date-:-thread-:DBG:-file-:-line- We have one. So will check to see what version it is.
-date-:-thread-:DBG:-file-:-line- Free recordset [RECORDSET]
-date-:-thread-:DBG:-file-:-line- Run Query [RECORDSET]
-date-:-thread-:DBG:-file-:-line- Database reports that it is version: 7
-date-:-thread-:DBG:-file-:-line- Free recordset [RECORDSET]
-date-:-thread-:INF:-file-:-line- Connected to database
-date-:-thread-:INF:-file-:-line- database opened
-date-:-thread-:DBG:-file-:-line- Run Query [RECORDSET]
-date-:-thread-:INF:-file-:-line- Config setting: log_verbosity = 3
-date-:-thread-:INF:-file-:-line- Moving log verbosity from 4 to 3
-date-:-thread-:INF Config setting: port = 8988
-date-:-thread-:INF Config setting: backpopulate_phash = no
-date-:-thread-:INF Created directory.
-date-:-thread-:INF ... Starting up the openDias service.
-date-:-thread-:INF ready to accept connectons
-date-:-thread-:INF Processing request for: checkLogin
-date-:-thread-:INF Processing request for: doScan
-date-:-thread-:INF Child process created [CONFIG_FILE]
-date-:-thread-:INF Just about to start the worker: /tmp/opendias_test/bin/opendias_worker [ZZZZZZZZ-UUID-ZZZZ-ZZZZ-ZZZZZZZZZZZZ],en
-date-:-thread-:INF Worker started and ready to process: internalDoScanningOperation
-date-:-thread-:INF Setting scanner param mode to "Gray"
-date-:-thread-:INF Setting scanner param source to "Flatbed"
-date-:-thread-:INF Setting scanner param resolution to 100.000000
-date-:-thread-:INF Scanner Parm : stat=SUCCESS form=0,lf=1,bpl=787,pixpl=787,lin=787,dep=8
-date-:-thread-:INF Processing request for: getScannerList
-date-:-thread-:INF The SANE sub system is busy, trying to return a cached response.
-date-:-thread-:INF We dont have a cache of the result, we're going to have to wait.
-date-:-thread-:INF Processing request for: doScan
-date-:-thread-:INF The SANE sub system is busy, returning a busy signal.
-date-:-thread-:ERR No more bytes to read
-date-:-thread-:INF Read 619369 of an expected 619369 bytes, in [__TIME__] ms
-date-:-thread-:INF Scanning done.
-date-:-thread-:INF Convertion process: Loaded (depth: 8)
-date-:-thread-:INF Conversion process: Complete
-date-:-thread-:INF Calculating pHash of image /tmp/pHash_[THREAD].jpg
-date-:-thread-:INF Worker Finished
-date-:-thread-:INF Processing request for: getScanning Progress
-date-:-thread-:INF Processing request for: getScannerList
-date-:-thread-:INF Child process created [CONFIG_FILE]
-date-:-thread-:INF Just about to start the worker: /tmp/opendias_test/bin/opendias_worker en
-date-:-thread-:INF Worker started and ready to process: internalGetScannerList
-date-:-thread-:INF Worker Finished
-date-:-thread-:INF Processing request for: restart scan after page change
-date-:-thread-:INF Child process created [CONFIG_FILE]
-date-:-thread-:INF Just about to start the worker: /tmp/opendias_test/bin/opendias_worker [ZZZZZZZZ-UUID-ZZZZ-ZZZZ-ZZZZZZZZZZZZ],en
-date-:-thread-:INF Worker started and ready to process: internalDoScanningOperation
-date-:-thread-:INF Setting scanner param mode to "Gray"
-date-:-thread-:INF Setting scanner param source to "Flatbed"
-date-:-thread-:INF Setting scanner param resolution to 100.000000
-date-:-thread-:INF Scanner Parm : stat=SUCCESS form=0,lf=1,bpl=787,pixpl=787,lin=787,dep=8
-date-:-thread-:INF Processing request for: getScannerList
-date-:-thread-:INF The SANE sub system is busy, trying to return a cached response.
-date-:-thread-:INF Received SIGUSR1 signal.
-date-:-thread-:INF openDias service is shutting down....
-date-:-thread-:INF There are running sane processes, waiting on them.
-date-:-thread-:ERR No more bytes to read
-date-:-thread-:INF Read 619369 of an expected 619369 bytes, in [__TIME__] ms
-date-:-thread-:INF Scanning done.
-date-:-thread-:INF Convertion process: Loaded (depth: 8)
-date-:-thread-:INF Conversion process: Complete
-date-:-thread-:INF Worker Finished
-date-:-thread-:INF The running sane processes have finished. Waiting on cleanup
-date-:-thread-:INF Waiting [done].
-date-:-thread-:INF openDias service has shutdown.
