Copying pre defined environment
Copying default database
STARTING app...
Now ready
No need for a web client for this test.
Sending request = action=checkLogin&password=password&username=test-user
Sending request = action=docFilter&page=1&range=3&sortfield=3&sortorder=1&subFilter=&subaction=fullList
No Rows = $VAR1 = {
  'DocFilter' => {
    'Results' => {},
    'count' => '0',
    'page' => '1'
  }
};

Sending request = action=docFilter&page=1&range=3&sortfield=3&sortorder=1&subFilter=&subaction=fullList
One Row = $VAR1 = {
  'DocFilter' => {
    'Results' => {
      'Row' => {
        'actionrequired' => '0',
        'date' => '2010/12/31',
        'docid' => '1',
        'title' => "Test \x{3ab} Title",
        'type' => 'Scanned Doc'
      }
    },
    'count' => '1',
    'page' => '1'
  }
};

Sending request = action=docFilter&page=1&range=3&sortfield=3&sortorder=1&subFilter=&subaction=fullList
Date Order = $VAR1 = {
  'DocFilter' => {
    'Results' => {
      'Row' => [
        {
          'actionrequired' => '1',
          'date' => '2012/12/31',
          'docid' => '2',
          'title' => 'Test 3 Title',
          'type' => 'Imported PDF Doc'
        },
        {
          'actionrequired' => '1',
          'date' => '2011/01/01',
          'docid' => '3',
          'title' => 'Test 2 Title',
          'type' => 'Scanned Doc'
        },
        {
          'actionrequired' => '0',
          'date' => '2010/12/31',
          'docid' => '1',
          'title' => "Test \x{3ab} Title",
          'type' => 'Scanned Doc'
        }
      ]
    },
    'count' => '3',
    'page' => '1'
  }
};

Sending request = action=docFilter&page=1&range=3&sortfield=3&sortorder=0&subFilter=&subaction=fullList
Date Order reverse = $VAR1 = {
  'DocFilter' => {
    'Results' => {
      'Row' => [
        {
          'actionrequired' => '0',
          'date' => '2010/12/30',
          'docid' => '4',
          'title' => 'Test 1 Title',
          'type' => 'Imported Image'
        },
        {
          'actionrequired' => '0',
          'date' => '2010/12/31',
          'docid' => '1',
          'title' => "Test \x{3ab} Title",
          'type' => 'Scanned Doc'
        },
        {
          'actionrequired' => '1',
          'date' => '2011/01/01',
          'docid' => '3',
          'title' => 'Test 2 Title',
          'type' => 'Scanned Doc'
        }
      ]
    },
    'count' => '3',
    'page' => '1'
  }
};

Sending request = action=docFilter&page=2&range=3&sortfield=3&sortorder=0&subFilter=&subaction=fullList
Second Page = $VAR1 = {
  'DocFilter' => {
    'Results' => {
      'Row' => {
        'actionrequired' => '1',
        'date' => '2012/12/31',
        'docid' => '2',
        'title' => 'Test 3 Title',
        'type' => 'Imported PDF Doc'
      }
    },
    'count' => '1',
    'page' => '2'
  }
};

Sending request = action=docFilter&page=1&range=5&sortfield=2&sortorder=1&subFilter=&subaction=fullList
Sort by type, all records = $VAR1 = {
  'DocFilter' => {
    'Results' => {
      'Row' => [
        {
          'actionrequired' => '0',
          'date' => '2010/12/30',
          'docid' => '4',
          'title' => 'Test 1 Title',
          'type' => 'Imported Image'
        },
        {
          'actionrequired' => '1',
          'date' => '2012/12/31',
          'docid' => '2',
          'title' => 'Test 3 Title',
          'type' => 'Imported PDF Doc'
        },
        {
          'actionrequired' => '0',
          'date' => '2010/12/31',
          'docid' => '1',
          'title' => "Test \x{3ab} Title",
          'type' => 'Scanned Doc'
        },
        {
          'actionrequired' => '1',
          'date' => '2011/01/01',
          'docid' => '3',
          'title' => 'Test 2 Title',
          'type' => 'Scanned Doc'
        }
      ]
    },
    'count' => '4',
    'page' => '1'
  }
};

Sending request = action=docFilter&page=1&range=5&sortfield=1&sortorder=1&subFilter=&subaction=fullList
Sort by title, all records = $VAR1 = {
  'DocFilter' => {
    'Results' => {
      'Row' => [
        {
          'actionrequired' => '0',
          'date' => '2010/12/31',
          'docid' => '1',
          'title' => "Test \x{3ab} Title",
          'type' => 'Scanned Doc'
        },
        {
          'actionrequired' => '1',
          'date' => '2012/12/31',
          'docid' => '2',
          'title' => 'Test 3 Title',
          'type' => 'Imported PDF Doc'
        },
        {
          'actionrequired' => '1',
          'date' => '2011/01/01',
          'docid' => '3',
          'title' => 'Test 2 Title',
          'type' => 'Scanned Doc'
        },
        {
          'actionrequired' => '0',
          'date' => '2010/12/30',
          'docid' => '4',
          'title' => 'Test 1 Title',
          'type' => 'Imported Image'
        }
      ]
    },
    'count' => '4',
    'page' => '1'
  }
};

Sending request = action=docFilter&page=1&range=5&sortfield=0&sortorder=1&subFilter=&subaction=fullList
Sort by docid, all records = $VAR1 = {
  'DocFilter' => {
    'Results' => {
      'Row' => [
        {
          'actionrequired' => '0',
          'date' => '2010/12/30',
          'docid' => '4',
          'title' => 'Test 1 Title',
          'type' => 'Imported Image'
        },
        {
          'actionrequired' => '1',
          'date' => '2011/01/01',
          'docid' => '3',
          'title' => 'Test 2 Title',
          'type' => 'Scanned Doc'
        },
        {
          'actionrequired' => '1',
          'date' => '2012/12/31',
          'docid' => '2',
          'title' => 'Test 3 Title',
          'type' => 'Imported PDF Doc'
        },
        {
          'actionrequired' => '0',
          'date' => '2010/12/31',
          'docid' => '1',
          'title' => "Test \x{3ab} Title",
          'type' => 'Scanned Doc'
        }
      ]
    },
    'count' => '4',
    'page' => '1'
  }
};

Sending request = action=docFilter&page=1&range=5&sortfield=0&sortorder=0&subFilter=&subaction=fullList
Sort by reverse-docid, all records = $VAR1 = {
  'DocFilter' => {
    'Results' => {
      'Row' => [
        {
          'actionrequired' => '0',
          'date' => '2010/12/31',
          'docid' => '1',
          'title' => "Test \x{3ab} Title",
          'type' => 'Scanned Doc'
        },
        {
          'actionrequired' => '1',
          'date' => '2012/12/31',
          'docid' => '2',
          'title' => 'Test 3 Title',
          'type' => 'Imported PDF Doc'
        },
        {
          'actionrequired' => '1',
          'date' => '2011/01/01',
          'docid' => '3',
          'title' => 'Test 2 Title',
          'type' => 'Scanned Doc'
        },
        {
          'actionrequired' => '0',
          'date' => '2010/12/30',
          'docid' => '4',
          'title' => 'Test 1 Title',
          'type' => 'Imported Image'
        }
      ]
    },
    'count' => '4',
    'page' => '1'
  }
};

Stopping service
Waiting for valgrind to finish.
